****************************************
Report : power
        -significant_digits 2
Design : full_chip_KMeansClustering
Version: R-2020.09-SP6
Date   : Mon Jan  6 14:26:21 2025
****************************************
Information: Activity propagation will be performed for scenario default.
Information: Doing activity propagation for mode 'default' and corner 'default' with effort level 'medium'. (POW-024)
Information: Timer-derived activity data is cached on scenario default (POW-052)
Infomation: Fast mode activity propagation power.rtl_activity_annotation setup is ignored. Always use accurate mode.

 **** Information : No. of simulation cycles = 6 ****
Mode: default
Corner: default
Scenario: default
Voltage: 0.80
Temperature: 25.00

Voltage Unit         : 1V
Capacitance Unit     : 1pF
Time Unit            : 1ns
Temperature Unit     : 1C
Dynamic Power Unit   : 1nW
Leakage Power Unit   : 1nW

Switched supply net power scaling:
scaling for leakage power

Supply nets:
VDD (power) probability 1.00 (default)
VSS (ground) probability 1.00 (default)
Warning: Power table extrapolation (extrapolation mode) for port Z on cell PI_0_3913 for parameter Cout. Lowest table value = 0.000290, highest table value = 0.089840, value = 0.000000 (POW-046)
Warning: Power table extrapolation (extrapolation mode) for port Z on cell PI_0_3608 for parameter Cout. Lowest table value = 0.000290, highest table value = 0.080370, value = 0.000000 (POW-046)
Warning: Power table extrapolation (extrapolation mode) for port Z on cell placePI_0_5495 for parameter Cout. Lowest table value = 0.000290, highest table value = 0.089840, value = 0.000000 (POW-046)

  Cell Internal Power    = 3.88e+06 nW ( 46.5%)
  Net Switching Power    = 4.47e+06 nW ( 53.5%)
Total Dynamic Power      = 8.36e+06 nW (100.0%)

Cell Leakage Power       = 2.24e+04 nW


  Attributes
  ----------
      u  -  User defined power group

Power Group         Internal Power        Switching Power          Leakage Power            Total Power    (   %  )    Attrs
-----------------------------------------------------------------------------------------------------------------------------
io_pad                    0.00e+00               0.00e+00               0.00e+00               0.00e+00    (  0.0%)         
memory                    0.00e+00               0.00e+00               0.00e+00               0.00e+00    (  0.0%)         
black_box                 0.00e+00               0.00e+00               0.00e+00               0.00e+00    (  0.0%)         
clock_network             2.78e+05               6.94e+04               4.98e+00               3.47e+05    (  4.1%)         
register                  7.10e+04               4.07e+04               3.35e+02               1.12e+05    (  1.3%)         
sequential                0.00e+00               0.00e+00               0.00e+00               0.00e+00    (  0.0%)         
combinational             3.53e+06               4.36e+06               2.21e+04               7.92e+06    ( 94.5%)         
-----------------------------------------------------------------------------------------------------------------------------
Total                     3.88e+06 nW            4.47e+06 nW            2.24e+04 nW            8.38e+06 nW
1
